how to add a project in git?
to check if directory is a got repo type :
git status
to initialize a repo :
git init

how to undo the changes in working directory?
git checkout -- git\ tutorial/file-renamed.txt
double dash is used to avoid confusion between branch and file to be overwritten.

how to undo the changes in staging area?
git reset HEAD unwanted\ file.txt

how to amend commit in repo?
This can be used on ammending data or commen of last commit. You can change only latest commit.
The command is :
git commit --amend -m " git commit amed example "


To undo changes, rather than amending, make new commits that undo changes.
Or get specific version of the file you want from git repo.


aksma@DESKTOP-0FV5PJQ MINGW64 ~/git/algorithms/Algorithms/git tutorial (master)
$ git log
commit b99df6e0bbed7d3c91e4ff35c85bc60433cd548f
Author: Akshay Palshikar <Akshay Palshikar>
Date:   Sat Apr 1 18:54:51 2017 -0700

    adding garbage to rollback

commit 95fbb16b2c971d40b8f636ff9db17113adb3e35f
Author: Akshay Palshikar <Akshay Palshikar>
Date:   Sat Apr 1 18:48:53 2017 -0700

    adding all the commands used in the commit
aksma@DESKTOP-0FV5PJQ MINGW64 ~/git/algorithms/Algorithms/git tutorial (master)
$ git checkout ^C

aksma@DESKTOP-0FV5PJQ MINGW64 ~/git/algorithms/Algorithms/git tutorial (master)
$ git checkout 95fbb16b2c971d40b8f636ff9db17113adb3e35f -- file-renamed.txt


aksma@DESKTOP-0FV5PJQ MINGW64 ~/git/algorithms/Algorithms/git tutorial (master)
$ git add file-renamed.txt

aksma@DESKTOP-0FV5PJQ MINGW64 ~/git/algorithms/Algorithms/git tutorial (master)
$ git commit -m "how to checkout spefici version from repo"
[master ca9b9fb] how to checkout spefici version from repo
 Committer: Akshay Palshikar <Akshay Palshikar>
Your name and email address were configured automatically based
on your username and hostname. Please check that they are accurate.
You can suppress this message by setting them explicitly. Run the
following command and follow the instructions in your editor to edit
your configuration file:

    git config --global --edit

After doing this, you may fix the identity used for this commit with:

    git commit --amend --reset-author

 1 file changed, 18 insertions(+), 1 deletion(-)

aksma@DESKTOP-0FV5PJQ MINGW64 ~/git/algorithms/Algorithms/git tutorial (master)
