how to add a project in git?
to check if directory is a got repo type :
git status
to initialize a repo :
git init

how to undo the changes in working directory?
git checkout -- git\ tutorial/file-renamed.txt
double dash is used to avoid confusion between branch and file to be overwritten.

how to undo the changes in staging area?
git reset HEAD unwanted\ file.txt

how to amend commit in repo?
This can be used on ammending data or commen of last commit. You can change only latest commit.
The command is :
git commit --amend -m " git commit amed example "


To undo changes, rather than amending, make new commits that undo changes.
Or get specific version of the file you want from git repo.


aksma@DESKTOP-0FV5PJQ MINGW64 ~/git/algorithms/Algorithms/git tutorial (master)
$ git log
commit b99df6e0bbed7d3c91e4ff35c85bc60433cd548f
Author: Akshay Palshikar <Akshay Palshikar>
Date:   Sat Apr 1 18:54:51 2017 -0700

    adding garbage to rollback

commit 95fbb16b2c971d40b8f636ff9db17113adb3e35f
Author: Akshay Palshikar <Akshay Palshikar>
Date:   Sat Apr 1 18:48:53 2017 -0700

    adding all the commands used in the commit
aksma@DESKTOP-0FV5PJQ MINGW64 ~/git/algorithms/Algorithms/git tutorial (master)
$ git checkout ^C

aksma@DESKTOP-0FV5PJQ MINGW64 ~/git/algorithms/Algorithms/git tutorial (master)
$ git checkout 95fbb16b2c971d40b8f636ff9db17113adb3e35f -- file-renamed.txt


aksma@DESKTOP-0FV5PJQ MINGW64 ~/git/algorithms/Algorithms/git tutorial (master)
$ git add file-renamed.txt

aksma@DESKTOP-0FV5PJQ MINGW64 ~/git/algorithms/Algorithms/git tutorial (master)
$ git commit -m "how to checkout spefici version from repo"
[master ca9b9fb] how to checkout spefici version from repo
 Committer: Akshay Palshikar <Akshay Palshikar>
Your name and email address were configured automatically based
on your username and hostname. Please check that they are accurate.
You can suppress this message by setting them explicitly. Run the
following command and follow the instructions in your editor to edit
your configuration file:

    git config --global --edit

After doing this, you may fix the identity used for this commit with:

    git commit --amend --reset-author

 1 file changed, 18 insertions(+), 1 deletion(-)

aksma@DESKTOP-0FV5PJQ MINGW64 ~/git/algorithms/Algorithms/git tutorial (master)

how to use git revert?
aksma@DESKTOP-0FV5PJQ MINGW64 ~/git/algorithms/Algorithms/git tutorial (master)
$ git revert 4d98aeea7309d2fce2d341ba42493b6f7605b672
[master 2c23970] Revert "adding garbage text to revert"
 Committer: Akshay Palshikar <Akshay Palshikar>
Your name and email address were configured automatically based
on your username and hostname. Please check that they are accurate.
You can suppress this message by setting them explicitly. Run the
following command and follow the instructions in your editor to edit
your configuration file:

    git config --global --edit

After doing this, you may fix the identity used for this commit with:

    git commit --amend --reset-author

 1 file changed, 2 deletions(-)

Using rest to undo many commits
aksma@DESKTOP-0FV5PJQ MINGW64 ~/git/algorithms/Algorithms/git tutorial (master)
$ git reset --soft cfb3d08d868df226e193d57bf26b24023fb3a04d

$ git log -n 3
commit cfb3d08d868df226e193d57bf26b24023fb3a04d
Author: Akshay Palshikar <Akshay Palshikar>
Date:   Sat Apr 1 19:36:31 2017 -0700

    removed garbage

commit 9c0eef14148051a1ec7119f7fe300bb0b486fc7c
Author: Akshay Palshikar <Akshay Palshikar>
Date:   Sat Apr 1 19:35:02 2017 -0700

    adding more garbage

commit 3d057e15a2f89effbd4ba367589cac4a9d3f0add
Author: Akshay Palshikar <Akshay Palshikar>
Date:   Sat Apr 1 19:30:08 2017 -0700

    renamed the file

aksma@DESKTOP-0FV5PJQ MINGW64 ~/git/algorithms/Algorithms/git tutorial (master)
$ git status
On branch master
Your branch is ahead of 'origin/master' by 11 commits.
  (use "git push" to publish your local commits)
Changes to be committed:
  (use "git reset HEAD <file>..." to unstage)

        modified:   file1.txt


aksma@DESKTOP-0FV5PJQ MINGW64 ~/git/algorithms/Algorithms/git tutorial (master)
$ git diff --staged
diff --git a/Algorithms/git tutorial/file1.txt b/Algorithms/git tutorial/file1.txt
index a28fda6..9e9cc9d 100644
--- a/Algorithms/git tutorial/file1.txt
+++ b/Algorithms/git tutorial/file1.txt
@@ -85,3 +85,6 @@ After doing this, you may fix the identity used for this commit with:

 Using rest to undo many commits
 git reset
+
+g1
+g2

aksma@DESKTOP-0FV5PJQ MINGW64 ~/git/algorithms/Algorithms/git tutorial (master)
$ git reset --soft 588a57e1ccd92cdede363b3bdce42c7ab81dff88

aksma@DESKTOP-0FV5PJQ MINGW64 ~/git/algorithms/Algorithms/git tutorial (master)
$ git status
On branch master
Your branch is ahead of 'origin/master' by 13 commits.
  (use "git push" to publish your local commits)
nothing to commit, working tree clean

aksma@DESKTOP-0FV5PJQ MINGW64 ~/git/algorithms/Algorithms/git tutorial (master)
$ git log -n 3
commit 588a57e1ccd92cdede363b3bdce42c7ab81dff88
Author: Akshay Palshikar <Akshay Palshikar>
Date:   Sat Apr 1 19:37:30 2017 -0700

    garbage 2

commit 270d3d6c0a910e480c5ebec94036d9670b21acba
Author: Akshay Palshikar <Akshay Palshikar>
Date:   Sat Apr 1 19:36:53 2017 -0700

    garbage 1

commit cfb3d08d868df226e193d57bf26b24023fb3a04d
Author: Akshay Palshikar <Akshay Palshikar>
Date:   Sat Apr 1 19:36:31 2017 -0700

    removed garbage


One more option is git reset mixed mode.

    aksma@DESKTOP-0FV5PJQ MINGW64 ~/git/algorithms/Algorithms/git tutorial (master)
    $ git reset --mixed cfb3d08d868df226e193d57bf26b24023fb3a04d
    Unstaged changes after reset:
    M       Algorithms/git tutorial/file1.txt

    aksma@DESKTOP-0FV5PJQ MINGW64 ~/git/algorithms/Algorithms/git tutorial (master)
    $ git status
    On branch master
    Your branch is ahead of 'origin/master' by 11 commits.
      (use "git push" to publish your local commits)
    Changes not staged for commit:
      (use "git add <file>..." to update what will be committed)
      (use "git checkout -- <file>..." to discard changes in working directory)

            modified:   file1.txt

    no changes added to commit (use "git add" and/or "git commit -a")

    aksma@DESKTOP-0FV5PJQ MINGW64 ~/git/algorithms/Algorithms/git tutorial (master)
    $ git reset --mixed 588a57e1ccd92cdede363b3bdce42c7ab81dff88

    aksma@DESKTOP-0FV5PJQ MINGW64 ~/git/algorithms/Algorithms/git tutorial (master)
    $ git status
    On branch master
    Your branch is ahead of 'origin/master' by 13 commits.
      (use "git push" to publish your local commits)
    nothing to commit, working tree clean

git reset --soft
git reset --mixed
git reset --hard



How to removed untracked files?
git clean is the command
$ git clean
fatal: clean.requireForce defaults to true and neither -i, -n, nor -f given; refusing to clean

aksma@DESKTOP-0FV5PJQ MINGW64 ~/git/algorithms/Algorithms (master)
$ git clean -n
Would remove bad file.txt

git clean -n tells which files will be removed form current directory
git clean -d -n tells which files and dirs will be removed

git clean -d -f actually removes the directoris and files inside those directories.
git clean -f removes files which were specified in git clean -n

reverting a specific commit
git revert 588a57e1ccd92cdede363b3bdce42c7ab81dff88

git ignore

.gitignore in root of project
e.g.
aksma@DESKTOP-0FV5PJQ MINGW64 ~/git/algorithms (master)
$ pwd
/c/Users/aksma/git/algorithms

aksma@DESKTOP-0FV5PJQ MINGW64 ~/git/algorithms (master)
$ ls -a
.  ..  .git  .gitignore  Algorithms

aksma@DESKTOP-0FV5PJQ MINGW64 ~/git/algorithms (master)
$ cat .gitignore
.project
.settings/


Note :  Please commit gitignore file in project root so that everyone using this project will be able to ignore the same kind of files

what did if code should be added in .gitignore?
1. compiled shource code. e.g. like .class files in java and target/ directory when using maven.


how to add git ignore globally?

git config --global core.excludesfile ~/.gitignore_global


how to keep tracking already committed file?
git rm --cached <filename>


git ignores empty directories. It is made for tracking files.

If you want to keep a directory then create a file in that directory.
By convention, people create file .gitkeep as :
$touch .gitkeep

how to navigate commit tree?
tree-ish


aksma@DESKTOP-0FV5PJQ MINGW64 ~/git/algorithms (master)
$ git ls-tree HEAD
100644 blob 43737c672e6ee2a79b24a1af2f2a316797d0f028    .gitignore
040000 tree 39b9ad9e7ef6c60816dbd2dc7c1bf37223cb8a39    Algorithms

aksma@DESKTOP-0FV5PJQ MINGW64 ~/git/algorithms (master)
$ cd Algorithms/

aksma@DESKTOP-0FV5PJQ MINGW64 ~/git/algorithms/Algorithms (master)
$ git ls-tree HEAD
100644 blob 63b7e892d1ebf1eeb9df3d8d71e5bedb134487c1    .classpath
100644 blob ae3c1726048cd06b9a143e0376ed46dd9b9a8d53    .gitignore
100644 blob 2580803efaeec92173e6b065da33e1cb001ad045    .project
040000 tree b596484c6219e53e71025600c936f0990322c9ac    .settings
040000 tree 9585e7cc2c7ebf2f776d4113751e1ec0c4159455    git tutorial
040000 tree a7557514c0d661b11b4d7702ec32e488fb36abd4    src

aksma@DESKTOP-0FV5PJQ MINGW64 ~/git/algorithms/Algorithms (master)
$ git ls-tree master
100644 blob 63b7e892d1ebf1eeb9df3d8d71e5bedb134487c1    .classpath
100644 blob ae3c1726048cd06b9a143e0376ed46dd9b9a8d53    .gitignore
100644 blob 2580803efaeec92173e6b065da33e1cb001ad045    .project
040000 tree b596484c6219e53e71025600c936f0990322c9ac    .settings
040000 tree 9585e7cc2c7ebf2f776d4113751e1ec0c4159455    git tutorial
040000 tree a7557514c0d661b11b4d7702ec32e488fb36abd4    src

aksma@DESKTOP-0FV5PJQ MINGW64 ~/git/algorithms/Algorithms (master)
$ git ls-tree master git\ tutorial/
100644 blob 0d08ac4da73a0cbabf52a7bf668d52edf8964817    git tutorial/command prompt.txt
100644 blob 3986224e853fe66655e53b213c8ad0818bbcf9f1    git tutorial/file1.txt

aksma@DESKTOP-0FV5PJQ MINGW64 ~/git/algorithms/Algorithms (master)
$ git ls-tree master^ git\ tutorial/
100644 blob 0d08ac4da73a0cbabf52a7bf668d52edf8964817    git tutorial/command prompt.txt
100644 blob 812491f180812f7694af3e9b9150706d00562072    git tutorial/file1.txt

aksma@DESKTOP-0FV5PJQ MINGW64 ~/git/algorithms/Algorithms (master)
$ git ls-tree master~ git\ tutorial/
100644 blob 0d08ac4da73a0cbabf52a7bf668d52edf8964817    git tutorial/command prompt.txt
100644 blob 812491f180812f7694af3e9b9150706d00562072    git tutorial/file1.txt

aksma@DESKTOP-0FV5PJQ MINGW64 ~/git/algorithms/Algorithms (master)
$ git ls-tree master~2 git\ tutorial/
100644 blob 0d08ac4da73a0cbabf52a7bf668d52edf8964817    git tutorial/command prompt.txt
100644 blob 80d27994280004a7c49efd8ac4699cb2834d6ab1    git tutorial/file1.txt

aksma@DESKTOP-0FV5PJQ MINGW64 ~/git/algorithms/Algorithms (master)
$ git ls-tree 9585e7cc2c7ebf2f776d4113751e1ec0c4159455

aksma@DESKTOP-0FV5PJQ MINGW64 ~/git/algorithms/Algorithms (master)
$ cd ..

aksma@DESKTOP-0FV5PJQ MINGW64 ~/git/algorithms (master)
$ git ls-tree 9585e7cc2c7ebf2f776d4113751e1ec0c4159455
100644 blob 0d08ac4da73a0cbabf52a7bf668d52edf8964817    command prompt.txt
100644 blob 3986224e853fe66655e53b213c8ad0818bbcf9f1    file1.txt

aksma@DESKTOP-0FV5PJQ MINGW64 ~/git/algorithms (master)
$

how to get more from commit log?
aksma@DESKTOP-0FV5PJQ MINGW64 ~/git/algorithms (master)
$ git show --format=oneline HEAD
01ca37799a1842ef9a00bd2cbd26794ab556d2b3 ls-tree tree-ish traverse tree
diff --git a/Algorithms/git tutorial/command prompt.txt b/Algorithms/git tutorial/command prompt.txt
index 0d08ac4..098cc20 100644
--- a/Algorithms/git tutorial/command prompt.txt
+++ b/Algorithms/git tutorial/command prompt.txt
@@ -2819,3 +2819,2420 @@ $ git reset ^C

 aksma@DESKTOP-0FV5PJQ MINGW64 ~/git/algorithms/Algorithms/git tutorial (master)
 $
+
+
+$ git push
+Counting objects: 5, done.
+Delta compression using up to 4 threads.
+Compressing objects: 100% (3/3), done.
+Writing objects: 100% (5/5), 479 bytes | 0 bytes/s, done.
+Total 5 (delta 1), reused 0 (delta 0)
+remote: Resolving deltas: 100% (1/1), completed with 1 local objects.
+To https://github.com/akshaypalshikar/algorithms.git
+   b8924be..7a7982a  master -> master
+
+aksma@DESKTOP-0FV5PJQ MINGW64 ~/git/algorithms/Algorithms (master)
+$ git mv git\ tutorial/file1.txt git\ tutorial/file-renamed.txt
+
+aksma@DESKTOP-0FV5PJQ MINGW64 ~/git/algorithms/Algorithms (master)
+$ git status
+On branch master
+Your branch is up-to-date with 'origin/master'.
+Changes to be committed:
+  (use "git reset HEAD <file>..." to unstage)
+
+        renamed:    git tutorial/file1.txt -> git tutorial/file-renamed.txt
+
+
+aksma@DESKTOP-0FV5PJQ MINGW64 ~/git/algorithms/Algorithms (master)
+$ git commit -m "file rename example"
+[master da11818] file rename example
+ Committer: Akshay Palshikar <Akshay Palshikar>
+Your name and email address were configured automatically based
+on your username and hostname. Please check that they are accurate.
+You can suppress this message by setting them explicitly. Run the
+following command and follow the instructions in your editor to edit
+your configuration file:
+
+    git config --global --edit
+
+After doing this, you may fix the identity used for this commit with:
+
+    git commit --amend --reset-author
+
+ 1 file changed, 0 insertions(+), 0 deletions(-)
+ rename Algorithms/git tutorial/{file1.txt => file-renamed.txt} (100%)
+
+aksma@DESKTOP-0FV5PJQ MINGW64 ~/git/algorithms/Algorithms (master)
+$ whoami
+aksma
+
+aksma@DESKTOP-0FV5PJQ MINGW64 ~/git/algorithms/Algorithms (master)
+$ git push
+Counting objects: 4, done.
+Delta compression using up to 4 threads.
+Compressing objects: 100% (2/2), done.
+Writing objects: 100% (4/4), 348 bytes | 0 bytes/s, done.
+Total 4 (delta 1), reused 0 (delta 0)
+remote: Resolving deltas: 100% (1/1), completed with 1 local objects.
+To https://github.com/akshaypalshikar/algorithms.git
+   7a7982a..da11818  master -> master
+
+aksma@DESKTOP-0FV5PJQ MINGW64 ~/git/algorithms/Algorithms (master)
+$ celar
+bash: celar: command not found
+
+aksma@DESKTOP-0FV5PJQ MINGW64 ~/git/algorithms/Algorithms (master)
+$ clear
+
+aksma@DESKTOP-0FV5PJQ MINGW64 ~/git/algorithms/Algorithms (master)
+$ whoami
+aksma
+
+aksma@DESKTOP-0FV5PJQ MINGW64 ~/git/algorithms/Algorithms (master)
+$ git status
+On branch master
+Your branch is up-to-date with 'origin/master'.
+Changes not staged for commit:
+  (use "git add <file>..." to update what will be committed)
+  (use "git checkout -- <file>..." to discard changes in working directory)
+
+        modified:   git tutorial/file-renamed.txt
+
+no changes added to commit (use "git add" and/or "git commit -a")
+
+aksma@DESKTOP-0FV5PJQ MINGW64 ~/git/algorithms/Algorithms (master)
+$ git add git\ tutorial/file-renamed.txt
+
+aksma@DESKTOP-0FV5PJQ MINGW64 ~/git/algorithms/Algorithms (master)
+$ git commit -m "added about how to undo changes in working directory"
+[master a5318c6] added about how to undo changes in working directory
+ Committer: Akshay Palshikar <Akshay Palshikar>
+Your name and email address were configured automatically based
+on your username and hostname. Please check that they are accurate.
+You can suppress this message by setting them explicitly. Run the
+following command and follow the instructions in your editor to edit
+your configuration file:
+
+    git config --global --edit
+
+After doing this, you may fix the identity used for this commit with:
+
+    git commit --amend --reset-author
+
+ 1 file changed, 2 insertions(+)
+
+aksma@DESKTOP-0FV5PJQ MINGW64 ~/git/algorithms/Algorithms (master)
+$ git statua
+git: 'statua' is not a git command. See 'git --help'.
+
+Did you mean this?
+        status
+
+aksma@DESKTOP-0FV5PJQ MINGW64 ~/git/algorithms/Algorithms (master)
+$ status
+bash: status: command not found
+
+aksma@DESKTOP-0FV5PJQ MINGW64 ~/git/algorithms/Algorithms (master)
+$ git status
+On branch master
+Your branch is ahead of 'origin/master' by 1 commit.
+  (use "git push" to publish your local commits)
+Changes not staged for commit:
+  (use "git add <file>..." to update what will be committed)
+  (use "git checkout -- <file>..." to discard changes in working directory)
+
+        modified:   git tutorial/file-renamed.txt
+
+no changes added to commit (use "git add" and/or "git commit -a")
+
+aksma@DESKTOP-0FV5PJQ MINGW64 ~/git/algorithms/Algorithms (master)
+$ git checkout -- git\ tutorial/file-renamed.txt
+
+aksma@DESKTOP-0FV5PJQ MINGW64 ~/git/algorithms/Algorithms (master)
+$ ^C
+
+aksma@DESKTOP-0FV5PJQ MINGW64 ~/git/algorithms/Algorithms (master)
+$ git ststus
+git: 'ststus' is not a git command. See 'git --help'.
+
+Did you mean this?
+        status
+
+aksma@DESKTOP-0FV5PJQ MINGW64 ~/git/algorithms/Algorithms (master)
+$ git statis
+git: 'statis' is not a git command. See 'git --help'.
+
+Did you mean this?
+        status
+
+aksma@DESKTOP-0FV5PJQ MINGW64 ~/git/algorithms/Algorithms (master)
+$ git status
+On branch master
+Your branch is ahead of 'origin/master' by 1 commit.
+  (use "git push" to publish your local commits)
+Changes not staged for commit:
+  (use "git add <file>..." to update what will be committed)
+  (use "git checkout -- <file>..." to discard changes in working directory)
+
+        modified:   git tutorial/file-renamed.txt
+
+Untracked files:
+  (use "git add <file>..." to include in what will be committed)
+
+        unwanted file.txt
+
+no changes added to commit (use "git add" and/or "git commit -a")
+
+aksma@DESKTOP-0FV5PJQ MINGW64 ~/git/algorithms/Algorithms (master)
+$ git add unwanted\ file.txt
+
+aksma@DESKTOP-0FV5PJQ MINGW64 ~/git/algorithms/Algorithms (master)
+$ git status
+On branch master
+Your branch is ahead of 'origin/master' by 1 commit.
+  (use "git push" to publish your local commits)
+Changes to be committed:
+  (use "git reset HEAD <file>..." to unstage)
+
+        new file:   unwanted file.txt
+
+Changes not staged for commit:
+  (use "git add <file>..." to update what will be committed)
+  (use "git checkout -- <file>..." to discard changes in working directory)
+
+        modified:   git tutorial/file-renamed.txt
+
+
+aksma@DESKTOP-0FV5PJQ MINGW64 ~/git/algorithms/Algorithms (master)
+$ git reset HEAD unwanted\ file.txt
+Unstaged changes after reset:
+M       Algorithms/git tutorial/file-renamed.txt
+
+aksma@DESKTOP-0FV5PJQ MINGW64 ~/git/algorithms/Algorithms (master)
+$ git status
+On branch master
+Your branch is ahead of 'origin/master' by 1 commit.
+  (use "git push" to publish your local commits)
+Changes not staged for commit:
+  (use "git add <file>..." to update what will be committed)
+  (use "git checkout -- <file>..." to discard changes in working directory)
+
+        modified:   git tutorial/file-renamed.txt
+
+Untracked files:
+  (use "git add <file>..." to include in what will be committed)
+
+        unwanted file.txt
+
+no changes added to commit (use "git add" and/or "git commit -a")
+
+aksma@DESKTOP-0FV5PJQ MINGW64 ~/git/algorithms/Algorithms (master)
+$ rm unwanted\ file.txt
+
+aksma@DESKTOP-0FV5PJQ MINGW64 ~/git/algorithms/Algorithms (master)
+$ ^C
+
+aksma@DESKTOP-0FV5PJQ MINGW64 ~/git/algorithms/Algorithms (master)
+$ git add git\ tutorial/file-renamed.txt
+
+aksma@DESKTOP-0FV5PJQ MINGW64 ~/git/algorithms/Algorithms (master)
+$ git commit
+Aborting commit due to empty commit message.
+
+aksma@DESKTOP-0FV5PJQ MINGW64 ~/git/algorithms/Algorithms (master)
+$ git commit -m "how to undo the changes in staging area?"
+[master f86107f] how to undo the changes in staging area?
+ Committer: Akshay Palshikar <Akshay Palshikar>
+Your name and email address were configured automatically based
+on your username and hostname. Please check that they are accurate.
+You can suppress this message by setting them explicitly. Run the
+following command and follow the instructions in your editor to edit
+your configuration file:
+
+    git config --global --edit
+
+After doing this, you may fix the identity used for this commit with:
+
+    git commit --amend --reset-author
+
+ 1 file changed, 5 insertions(+)

aksma@DESKTOP-0FV5PJQ MINGW64 ~/git/algorithms (master)
$ git show --format=oneline HEAD~3
b09bdeb4466f1007e53f8a8c60aabed89cd9bdca untrack already committed files
diff --git a/Algorithms/git tutorial/file1.txt b/Algorithms/git tutorial/file1.txt
index 7b80efe..80d2799 100644
--- a/Algorithms/git tutorial/file1.txt
+++ b/Algorithms/git tutorial/file1.txt
@@ -238,3 +238,12 @@ Note :  Please commit gitignore file in project root so that everyone using this

 what did if code should be added in .gitignore?
 1. compiled shource code. e.g. like .class files in java and target/ directory when using maven.
+
+
+how to add git ignore globally?
+
+git config --global core.excludesfile ~/.gitignore_global
+
+
+how to keep tracking already committed file?
+git rm --cached <filename>

aksma@DESKTOP-0FV5PJQ MINGW64 ~/git/algorithms (master)


How to create a branch?

#check branches (* - current branch)
$ git branch
* master

aksma@DESKTOP-0FV5PJQ MINGW64 ~/git/algorithms (master)
$ git branch
* master

aksma@DESKTOP-0FV5PJQ MINGW64 ~/git/algorithms (master)
$ git branch new_feature

aksma@DESKTOP-0FV5PJQ MINGW64 ~/git/algorithms (master)
$ git branch
* master
  new_feature

aksma@DESKTOP-0FV5PJQ MINGW64 ~/git/algorithms (master)
$ git push
Everything up-to-date

aksma@DESKTOP-0FV5PJQ MINGW64 ~/git/algorithms (master)
$ ls -la .git/refs/heads
total 2
drwxr-xr-x 1 aksma 197610  0 Apr  2 00:42 .
drwxr-xr-x 1 aksma 197610  0 Apr  1 18:09 ..
-rw-r--r-- 1 aksma 197610 41 Apr  2 00:29 master
-rw-r--r-- 1 aksma 197610 41 Apr  2 00:42 new_feature

aksma@DESKTOP-0FV5PJQ MINGW64 ~/git/algorithms (master)


How to switch to branch?


aksma@DESKTOP-0FV5PJQ MINGW64 ~/git/algorithms (master)
$ git branch
* master
  new_feature

aksma@DESKTOP-0FV5PJQ MINGW64 ~/git/algorithms (master)
$ cat .git/H
HEAD   hooks/

aksma@DESKTOP-0FV5PJQ MINGW64 ~/git/algorithms (master)
$ cat .git/H
HEAD   hooks/

aksma@DESKTOP-0FV5PJQ MINGW64 ~/git/algorithms (master)
$ cat .git/HEAD
ref: refs/heads/master

aksma@DESKTOP-0FV5PJQ MINGW64 ~/git/algorithms (master)
$ git checkout new_feature
M       Algorithms/git tutorial/command prompt.txt
M       Algorithms/git tutorial/file1.txt
Switched to branch 'new_feature'

aksma@DESKTOP-0FV5PJQ MINGW64 ~/git/algorithms (new_feature)
$ git branch
  master
* new_feature
